PHASE 1 EXIT GATE — T01.8.1
started 2026-08-03 12:53:15Z
python 3.13.14 | hypothesis 6.165.0 | pytest 9.0.3
production module checksums:
  d41d8cd98f00b204e9800998ecf8427e  oip/__init__.py
  5e01f26403ca2d3b890cab57a190b478  oip/acceptance.py
  cd22e971e977a80170ac3ffec27623e1  oip/cascade.py
  f37a2d76cbfaf751a6e25f15fd99d40f  oip/claim.py
  a6e026565de38215e2e26ad804e7f949  oip/configuration.py
  41b403d67ee02f089666f49e93958603  oip/contract.py
  288d7a29a4dfdb1b28c865041dd00c5e  oip/enums.py
  2ae52f4cd961dc046ac8d27cb2e62550  oip/evidence.py
  a79e3905d3fef34d98dc4d0fcb77395d  oip/execution.py
  5554a65da113239dae48cef1a97c20a2  oip/fact.py
  a65f6b2da0a2804d4f7fa4a72ffcc3e4  oip/feedback.py
  bf1deea90d8de5e1dedc24e872889f34  oip/graph.py
  5cc9c23d029761e099edc056e1d388ae  oip/identity.py
  c614c4df1d975f354f77a0e0e6cdaa5f  oip/integrity.py
  5d614d28f22c7451054008d0b0b14c4c  oip/lifecycle.py
  1c022aaaab974e670bbd0149f3f6d377  oip/lineage.py
  6af45862e9e383bd7d30fbb2a5a2dfb1  oip/opportunity.py
  f698dc7a44a96e7afa0e3eebcaf5165f  oip/pattern.py
  c3bb7ce55f1b2992d920ba251aeb3f90  oip/problem.py
  9460c8b3dcde3dfef167635e94a76355  oip/relationships.py
  0775dcea02da448981d2898b9fef1fce  oip/semantic.py
  3c17ce9b29bb71828df4ddc1464eb3a7  oip/solution.py
  e7225095842406cc1a802dc08c17dbe9  oip/store.py
  9d897f6dc8d6e144c0525afa0ba7088d  oip/support.py
  b465517cf501e158ab60d35b33a8c99f  oip/validation.py
=== FULL TEST SUITE ===
........................................................................ [  3%]
........................................................................ [  6%]
........................................................................ [  9%]
........................................................................ [ 12%]
........................................................................ [ 16%]
........................................................................ [ 19%]
........................................................................ [ 22%]
........................................................................ [ 25%]
........................................................................ [ 29%]
........................................................................ [ 32%]
........................................................................ [ 35%]
........................................................................ [ 38%]
........................................................................ [ 41%]
........................................................................ [ 45%]
........................................................................ [ 48%]
........................................................................ [ 51%]
........................................................................ [ 54%]
........................................................................ [ 58%]
........................................................................ [ 61%]
........................................................................ [ 64%]
........................................................................ [ 67%]
........................................................................ [ 70%]
........................................................................ [ 74%]
........................................................................ [ 77%]
........................................................................ [ 80%]
........................................................................ [ 83%]
........................................................................ [ 87%]
........................................................................ [ 90%]
........................................................................ [ 93%]
........................................................................ [ 96%]
........................................................................ [ 99%]
..                                                                       [100%]
2234 passed, 66 deselected in 22.29s
exit=0
=== PROPERTY-BASED TESTS ===
........................................................................ [  3%]
........................................................................ [  6%]
........................................................................ [ 10%]
........................................................................ [ 13%]
........................................................................ [ 17%]
........................................................................ [ 20%]
........................................................................ [ 23%]
........................................................................ [ 27%]
........................................................................ [ 30%]
........................................................................ [ 34%]
........................................................................ [ 37%]
........................................................................ [ 40%]
........................................................................ [ 44%]
........................................................................ [ 47%]
........................................................................ [ 51%]
........................................................................ [ 54%]
........................................................................ [ 57%]
........................................................................ [ 61%]
........................................................................ [ 64%]
........................................................................ [ 68%]
........................................................................ [ 71%]
........................................................................ [ 75%]
........................................................................ [ 78%]
........................................................................ [ 81%]
........................................................................ [ 85%]
........................................................................ [ 88%]
........................................................................ [ 92%]
........................................................................ [ 95%]
........................................................................ [ 98%]
.......................                                                  [100%]
2111 passed in 19.63s
exit=0
=== CONCURRENCY TESTS ===
........................................                                 [100%]
40 passed, 2260 deselected in 1.02s
exit=0
=== STRESS 1/4: type-stage stress (Feedback, Execution, Validation, Solution) ===
........................                                                 [100%]
24 passed, 2276 deselected in 4.98s
exit=0
=== STRESS 2/4: Opportunity + Pattern + Problem ===
..................                                                       [100%]
18 passed, 2282 deselected in 201.72s (0:03:21)
exit=0
=== STRESS 3/4: foundation stress (LargeChains, Concurrency, HighVolume, ContractVolume, Cascade, Fact) ===
....................                                                     [100%]
20 passed, 2280 deselected in 273.79s (0:04:33)
exit=0
=== STRESS 4/4: EvidenceStress ===
....                                                                     [100%]
4 passed, 2296 deselected in 543.12s (0:09:03)
exit=0
=== COVERAGE ===
........................................................................ [  3%]
........................................................................ [  6%]
........................................................................ [  9%]
........................................................................ [ 12%]
........................................................................ [ 16%]
........................................................................ [ 19%]
........................................................................ [ 22%]
........................................................................ [ 25%]
........................................................................ [ 29%]
........................................................................ [ 32%]
........................................................................ [ 35%]
........................................................................ [ 38%]
........................................................................ [ 41%]
........................................................................ [ 45%]
........................................................................ [ 48%]
........................................................................ [ 51%]
........................................................................ [ 54%]
........................................................................ [ 58%]
........................................................................ [ 61%]
........................................................................ [ 64%]
........................................................................ [ 67%]
........................................................................ [ 70%]
........................................................................ [ 74%]
........................................................................ [ 77%]
........................................................................ [ 80%]
........................................................................ [ 83%]
........................................................................ [ 87%]
........................................................................ [ 90%]
........................................................................ [ 93%]
........................................................................ [ 96%]
........................................................................ [ 99%]
..                                                                       [100%]
================================ tests coverage ================================
_______________ coverage: platform linux, python 3.13.14-final-0 _______________

Name                   Stmts   Miss Branch BrPart  Cover   Missing
------------------------------------------------------------------
oip/acceptance.py        269      2     98      0  99.5%   142, 514
oip/cascade.py           138      2     44      2  97.8%   231-232, 368->exit
oip/claim.py             106      2     32      1  97.8%   152-153
oip/configuration.py     110      4     12      0  96.7%   161-162, 219-220
oip/contract.py          146      0     50      0 100.0%
oip/enums.py              75      0     10      0 100.0%
oip/evidence.py          281      5    106      4  97.7%   241, 245, 336, 349, 466->464, 475
oip/execution.py         370      1    168      2  99.4%   698->696, 762
oip/fact.py              301      6    132      6  97.2%   234, 345, 398, 400, 413, 518->516, 615
oip/feedback.py          409      1    190      2  99.5%   739->737, 907
oip/graph.py             200      2     84      5  97.5%   114, 289->288, 305->303, 328->327, 344
oip/identity.py          104      0     30      2  98.5%   169->171, 198->exit
oip/integrity.py         162      6     82      4  95.9%   108-111, 268, 273, 287, 415
oip/lifecycle.py          42      0     10      0 100.0%
oip/lineage.py           101      2     42      1  97.9%   70, 293
oip/opportunity.py       414      2    184      3  99.2%   891, 1035, 1043->1041
oip/pattern.py           442      0    220      3  99.5%   872->865, 911->861, 975->950
oip/problem.py           367      0    160      0 100.0%
oip/relationships.py      84      0     28      0 100.0%
oip/semantic.py           65      2     16      1  96.3%   60, 99
oip/solution.py          388      0    174      0 100.0%
oip/store.py             418      4     80      2  98.4%   899-905, 906->909
oip/support.py            83      1     22      1  98.1%   58
oip/validation.py        349      2    152      2  99.2%   685, 776
------------------------------------------------------------------
TOTAL                   5424     44   2126     41  98.8%
Required test coverage of 95.0% reached. Total coverage: 98.85%
2234 passed, 66 deselected in 43.05s
exit=0
=== POST-MUTATION SOURCE INTEGRITY ===
=== PERFORMANCE BENCHMARKS ===
==============================================================================
IDENTITY ALLOCATION BASELINE  --  T01.1.1
python 3.13.14
==============================================================================
benchmark                              ops       ops/sec     us/op  detail
------------------------------------------------------------------------------
new_object                         200,000       103,953      9.62  
succeed (linear chain)             200,000       174,532      5.73  
validate_succession                200,000     9,883,971      0.10  
assert_not_reused                  200,000     2,251,417      0.44  
lineage_of (500k populated)        100,000     1,687,899      0.59  table=500,000
new_object (concurrent)            200,000        41,956     23.83  8 threads
memory per identity                200,000        13,701     72.99  295 bytes/identity
succeed (depth stability)          100,000       178,034      5.62  first=5.38us last=5.63us drift=+4.7%
------------------------------------------------------------------------------
median throughput: 178,034 ops/sec

==============================================================================
REGRESSION CHECK vs baseline recorded 2026-08-02
==============================================================================
PASS -- no metric regressed beyond 25%
exit=0
=== FOUNDATION REGRESSION (T01.1.x - T01.5.x suites) ===
........................................................................ [  8%]
........................................................................ [ 16%]
........................................................................ [ 24%]
........................................................................ [ 33%]
........................................................................ [ 41%]
........................................................................ [ 49%]
........................................................................ [ 58%]
........................................................................ [ 66%]
........................................................................ [ 74%]
........................................................................ [ 83%]
........................................................................ [ 91%]
........................................................................ [ 99%]
...                                                                      [100%]
867 passed in 12.22s
exit=0
=== EXIT CRITERIA (ratified T01.8.1) ===
  EXIT-1 all nine object types persistable      PASS (9/9 persisted in one store)
  EXIT-2 lineage traversable both directions    PASS (depth-8 chain, 8 nodes/7 edges, fwd+back)
  EXIT-3 no object acceptable w/o attribution   PASS (V7 refuses; engine+config+explanation on all)
  EXIT-4 graph rebuild demonstrated             PASS (node/edge parity, zero divergence, acyclic)

=== VALIDATION PIPELINE ===
  full suite            2234 passed, 66 deselected
  property-based        136 @given tests across 23 files, all pass
  concurrency           40 passed
  stress                66/66 (4 batches: 24+18+20+4)
  foundation regression 867 passed
  defect-fix regression 15/15 prior P1 fixes hold
  mutation              12/12 caught (one per object type + I8/V7/I6)
  coverage              98.85% total; all 24 modules >= 95% (min integrity.py 95.9%)
  benchmarks            PASS; best-of-4 worst metric -2.1% (budget -25%)

=== STRUCTURAL VERIFICATION ===
  68 acceptance rules, exact order, no duplicates, no prefix collisions
  I1-I8 + 36 type-specific integrity constraints present and wired
  9 registries bound, memoised, integrity-capable
  module dependency graph ACYCLIC; store is sole integration point
  closed vocabularies unchanged (9 types / 9 engines / 10 relationships / 7 states / 17 attrs)
  all 32 open markers surfaced; 12 forbidden closures verified absent
  no TODO/FIXME/HACK/debug/test-hook in production code
  production source byte-identical before and after mutation testing

=== TECHNICAL DEBT (carried, not defects) ===
  F01.6 Baseline Orchestration T01.6.1-T01.6.5 NOT IMPLEMENTED (blocks T01.8.1 formally)
  T01.2.5 ARCHIVED tiering: retention criteria met; reachability guard has no mechanism
  T01.5.5 calibration conformance: S-1 bands exist; no conformance check
  T01.2.2 / T01.2.4 behaviourally satisfied under other tasks

completed 2026-08-03 13:19:06Z
FAILED/ERROR in log: 0
non-zero exits: 0
